# 更新行为

- 原子性
  - mongo所有写操作都是单个文档级别上的原子操作。
- _id
  - 设置后，将无法更新_id字段的值，也无法将现有文档替换成具有不同_id值的替换文档。
- 字段顺序
  - 除一下情况外，mongo会在执行写操作后保留文档字段的顺序：
    - _id 字段始终是文档中的第一个字段
    - 包含字段名称renaming的更新可能导致文档中字段的重新排序。
- 增补选项
  - 如果updateOne()、updateMany()、replaceOne() 包含upsert:true，并且没有文档与指定的过滤器匹配，则该操作将创建一个新文档并将其插入。如果存在匹配的文档，则该操作将修改或替换一个或多个匹配的文档。

# 更新

>updateOne()  		# 即使多个文档可能与指定的过滤器匹配，最多更新与指定的过滤器匹配的单个文档。 *3.2版中的新功能*
>
>updateMany()  	# 更新所有与指定过滤器匹配的文档。 *3.2版中的新功能*
>
>replaceOne()  		# 即使多个文档可能与指定过滤器匹配，也最多替换一个与指定过滤器匹配的文档。 *3.2版中的新功能*
>
>update()			# 更新或替换与指定过滤器匹配的单个文档，或更新与指定过滤器匹配的所有文档。 默认情况下，[db.collection.update()](https://docs.mongodb.com/manual/reference/method/db.collection.update/#db.collection.update)方法更新单个文档。 要更新多个文档，请使用**multi**选项。

​      

## updateOne()

> db.collection.updateOne(
> 	<filter>,
> 	<update>,
>	 {
> 		upsert: <boolean>,	# Defaults to `false`, which does *not* insert a new document when no match is found.
> 		writeConcern: <document>,
> 		collation: <document>,
> 		arrayFilters: [ <filterdocument1>, ... ],
> 		hint: <document|string> // Available starting in MongoDB 4.2.1
> 	}
> )

- updateOne要求必须使用$set 操作符。

- updateOne也因此不会移除被忽略输入的键

  ```
  > db.k1.updateOne({"name":"kk"},{"name":"newname"})
  uncaught exception: Error: the update operation document must contain atomic operators :
  DBCollection.prototype.updateOne@src/mongo/shell/crud_api.js:565:19
  @(shell):1:1
  
  
  > db.k1.updateOne({"name":"kk"},{$set:{"name":"newname"}})
  { "acknowledged" : true, "matchedCount" : 1, "modifiedCount" : 1 }
  ```

  

## updateMany()

- 同updateOne要求一样

  ```
  > db.k1.updateMany({"name":"kk"},{$set:{"name":"newname"}})
  { "acknowledged" : true, "matchedCount" : 3, "modifiedCount" : 3 }
  ```

  

## replaceOne 替换_id 字段以外的全部内容

- 将全新的文档作为第二参数传给replaceOne

  ```
  > db.k1.replaceOne(
  ... {name:"b"},
  ... {add:"LN",hoby:"sleep"}
  ... )
  { "acknowledged" : true, "matchedCount" : 1, "modifiedCount" : 1 }
  > db.k1.find()
  { "_id" : ObjectId("61c9562ea22c1400d497d027"), "name" : "kkkkkk", "age" : 3 }
  ...
  { "_id" : ObjectId("61c958e1a22c1400d497d02b"), "add" : "LN", "hoby" : "sleep" }
  ...
  >
  ```

  

## update()

```
db.<collection_name>.update(query,update,options)
或
db.<collection_name>.update(
	<query>,
	<update>,
	{
		upsert:<boolean>,
		multi:<boolean>,
		writeConcern:<document>,
		collation:<document>,
		arrayFilters:[<filterdocument1>,...],
		hint:<document}string>
	}
)
```

### 覆盖的修改

- 可以发现，除了name字段以外，更新的那条文档其他字段都没有了。

```
> db.k1.update({_id:ObjectId("61c9562ea22c1400d497d027")},{"name":"kk"})
WriteResult({ "nMatched" : 1, "nUpserted" : 0, "nModified" : 1 })

> db.k1.find()
{ "_id" : ObjectId("61c9562ea22c1400d497d027"), "name" : "kk" }
{ "_id" : ObjectId("61c9562ea22c1400d497d028"), "name" : "a", "age" : 14 }
{ "_id" : ObjectId("61c9562ea22c1400d497d029"), "name" : "a", "age" : 15 }
```



### 局部修改 $set

- 使用$set

```
> db.k1.update({_id:ObjectId("61c958e1a22c1400d497d02e")},{$set:{name:"yy"}}
... )
WriteResult({ "nMatched" : 1, "nUpserted" : 0, "nModified" : 1 })
> db.k1.find()
{ "_id" : ObjectId("61c9562ea22c1400d497d027"), "name" : "kk" }
{ "_id" : ObjectId("61c9562ea22c1400d497d028"), "name" : "a", "age" : 14 }
{ "_id" : ObjectId("61c9562ea22c1400d497d029"), "name" : "a", "age" : 15 }
{ "_id" : ObjectId("61c9562ea22c1400d497d02a"), "name" : "a", "age" : 16 }
{ "_id" : ObjectId("61c958e1a22c1400d497d02b"), "name" : "b", "age" : 10 }
{ "_id" : ObjectId("61c958e1a22c1400d497d02c"), "name" : "c", "age" : 11 }
{ "_id" : ObjectId("61c958e1a22c1400d497d02d"), "name" : "d", "age" : 21 }
{ "_id" : ObjectId("61c958e1a22c1400d497d02e"), "name" : "yy", "age" : 14 }
```



### 批量修改

- 默认的，update() 只更新符合条件的第一条记录

  ```
  > db.k1.update({name:"a"},{$set:{name:"yy"}} )
  WriteResult({ "nMatched" : 1, "nUpserted" : 0, "nModified" : 1 })
  > db.k1.find()
  { "_id" : ObjectId("61c9562ea22c1400d497d027"), "name" : "kk" }
  { "_id" : ObjectId("61c9562ea22c1400d497d028"), "name" : "yy", "age" : 14 }
  { "_id" : ObjectId("61c9562ea22c1400d497d029"), "name" : "a", "age" : 15 }
  { "_id" : ObjectId("61c9562ea22c1400d497d02a"), "name" : "a", "age" : 16 }
  { "_id" : ObjectId("61c958e1a22c1400d497d02b"), "name" : "b", "age" : 10 }
  { "_id" : ObjectId("61c958e1a22c1400d497d02c"), "name" : "c", "age" : 11 }
  { "_id" : ObjectId("61c958e1a22c1400d497d02d"), "name" : "d", "age" : 21 }
  { "_id" : ObjectId("61c958e1a22c1400d497d02e"), "name" : "yy", "age" : 14 }
  >
  ```

- 使用multi

  ```
  > db.k1.update({name:"yy"},{$set:{name:"kk"}},{multi:true} )
  WriteResult({ "nMatched" : 4, "nUpserted" : 0, "nModified" : 4 })
  > db.k1.find()
  { "_id" : ObjectId("61c9562ea22c1400d497d027"), "name" : "kk" }
  { "_id" : ObjectId("61c9562ea22c1400d497d028"), "name" : "kk", "age" : 14 }
  { "_id" : ObjectId("61c9562ea22c1400d497d029"), "name" : "kk", "age" : 15 }
  { "_id" : ObjectId("61c9562ea22c1400d497d02a"), "name" : "kk", "age" : 16 }
  { "_id" : ObjectId("61c958e1a22c1400d497d02b"), "name" : "b", "age" : 10 }
  { "_id" : ObjectId("61c958e1a22c1400d497d02c"), "name" : "c", "age" : 11 }
  { "_id" : ObjectId("61c958e1a22c1400d497d02d"), "name" : "d", "age" : 21 }
  { "_id" : ObjectId("61c958e1a22c1400d497d02e"), "name" : "kk", "age" : 14 }
  ```

### 在原值基础上做计算修改 $inc

- 如，让年龄加1

  ```
  > db.k1.find()
  { "_id" : ObjectId("61c9562ea22c1400d497d027"), "name" : "kk", "age" : 2 }
  { "_id" : ObjectId("61c9562ea22c1400d497d028"), "name" : "kk", "age" : 14 }
  { "_id" : ObjectId("61c9562ea22c1400d497d029"), "name" : "kk", "age" : 15 }
  { "_id" : ObjectId("61c9562ea22c1400d497d02a"), "name" : "kk", "age" : 16 }
  { "_id" : ObjectId("61c958e1a22c1400d497d02b"), "name" : "b", "age" : 10 }
  { "_id" : ObjectId("61c958e1a22c1400d497d02c"), "name" : "c", "age" : 11 }
  { "_id" : ObjectId("61c958e1a22c1400d497d02d"), "name" : "d", "age" : 21 }
  { "_id" : ObjectId("61c958e1a22c1400d497d02e"), "name" : "kk", "age" : 14 }
  > db.k1.update({name:"kk"},{$inc:{age:NumberInt(1)}},{multi:true})
  WriteResult({ "nMatched" : 5, "nUpserted" : 0, "nModified" : 5 })
  > db.k1.find()
  { "_id" : ObjectId("61c9562ea22c1400d497d027"), "name" : "kk", "age" : 3 }
  { "_id" : ObjectId("61c9562ea22c1400d497d028"), "name" : "kk", "age" : 15 }
  { "_id" : ObjectId("61c9562ea22c1400d497d029"), "name" : "kk", "age" : 16 }
  { "_id" : ObjectId("61c9562ea22c1400d497d02a"), "name" : "kk", "age" : 17 }
  { "_id" : ObjectId("61c958e1a22c1400d497d02b"), "name" : "b", "age" : 10 }
  { "_id" : ObjectId("61c958e1a22c1400d497d02c"), "name" : "c", "age" : 11 }
  { "_id" : ObjectId("61c958e1a22c1400d497d02d"), "name" : "d", "age" : 21 }
  { "_id" : ObjectId("61c958e1a22c1400d497d02e"), "name" : "kk", "age" : 15 }
  ```





# 更新的附加方法

- db.<collection>.findOneAndReplace()
- db.<collection>.findOneAndUpdate()
- db.<collection>.findAndModify()
- db.<collection>.save()
- db.<collection>.bulkWrite()



# 聚合管道更新

> 从MongoDB 4.2开始，您可以将聚合管道用于更新操作。 通过更新操作，聚合管道可以包括以下阶段：
>
> [$addFields](https://docs.mongodb.com/manual/reference/operator/aggregation/addFields/#pipe._S_addFields)
>
> [$set](https://docs.mongodb.com/manual/reference/operator/aggregation/set/#pipe._S_set)
>
> [$project](https://docs.mongodb.com/manual/reference/operator/aggregation/project/#pipe._S_project)
>
> [$unset](https://docs.mongodb.com/manual/reference/operator/aggregation/unset/#pipe._S_unset)
>
> [$replaceRoot](https://docs.mongodb.com/manual/reference/operator/aggregation/replaceRoot/#pipe._S_replaceRoot)
>
> [$replaceWith](https://docs.mongodb.com/manual/reference/operator/aggregation/replaceWith/#pipe._S_replaceWith)
>
> 使用聚合管道允许使用表达性更强的update语句，比如根据当前字段值表示条件更新，或者使用另一个字段的值更新一个字段。

- 增加字段并更新时间

  ```
  # 插入
  > db.students.insertMany([
  ...    { _id: 1, test1: 95, test2: 92, test3: 90, modified: new Date("01/05/2020") },
  ...    { _id: 2, test1: 98, test2: 100, test3: 102, modified: new Date("01/05/2020") },
  ...    { _id: 3, test1: 95, test2: 110, modified: new Date("01/04/2020") }
  ... ])
  { "acknowledged" : true, "insertedIds" : [ 1, 2, 3 ] }
  
  # 查看
  > db.students.find().pretty()
  {
  	"_id" : 1,
  	"test1" : 95,
  	"test2" : 92,
  	"test3" : 90,
  	"modified" : ISODate("2020-01-05T00:00:00Z")
  }
  {
  	"_id" : 2,
  	"test1" : 98,
  	"test2" : 100,
  	"test3" : 102,
  	"modified" : ISODate("2020-01-05T00:00:00Z")
  }
  {
  	"_id" : 3,
  	"test1" : 95,
  	"test2" : 110,
  	"modified" : ISODate("2020-01-04T00:00:00Z")
  }
  
  
  # 为_id:3 新增test3字段，并更新modified。
  > db.students.updateOne( { _id: 3 }, [ { $set: { "test3": 98, modified: "$$NOW"} } ] )
  { "acknowledged" : true, "matchedCount" : 1, "modifiedCount" : 1 }
  
  
  # 查看
  > db.students.find().pretty()
  {
  	"_id" : 1,
  	"test1" : 95,
  	"test2" : 92,
  	"test3" : 90,
  	"modified" : ISODate("2020-01-05T00:00:00Z")
  }
  {
  	"_id" : 2,
  	"test1" : 98,
  	"test2" : 100,
  	"test3" : 102,
  	"modified" : ISODate("2020-01-05T00:00:00Z")
  }
  {
  	"_id" : 3,
  	"test1" : 95,
  	"test2" : 110,
  	"modified" : ISODate("2021-12-27T07:36:23.740Z"),
  	"test3" : 98
  }
  
  
  # 管道包括$set阶段，该阶段将test3字段（并将其值设置为98）添加到文档中，并将修改后的字段设置为当前日期时间。 对于当前日期时间，该操作将聚合变量NOW 用于（以访问变量，以**$$**为前缀并用引号引起来）。
  ```

  

- 其他聚合相关待后续更新。2021/12/27
