# 约束

一般来说，数据完整性有三种形式

1. 实体完整性
2. 域完整性
3. 参照完整性

## 实体完整性

实体完整性保证表中有一个主键。

在InnoDB表中，用户可以通过定义Primary key 或Unique key来保证实体完整性。

也可以通过便携trigger来保证数据完整性



## 域完整性

域完整性保证数据每列的值满足特定的条件。

在InnoDB表中，域完整性可以通过下面方式来保证：

1. 选择合适的数据类型，确保数据值满足需求条件
2. 外键约束
3. trigger
4. 可以考虑用default约束作为强制域完整性的一个方面。



## 参照完整性

参照完整性保证两张表之间的关系。

InnoDB支持外键，因此允许用户自定义外键以强制参照完整性，也可以通过trigger以强制执行。



对于InnoDB本身而言，提供以下几种约束：

1. Primary Key
2. Unique Key
3. Foreign Key
4. Default
5. Not Null





# 约束创建和查找

约束可以在两种方式下创建：

- 表建立时定义约束

- 使用alter table对表创建约束

  ```
  alter table <table> add unique key <uk_name> (<constrainted_column>);
  ```

  

- UK也可以使用 `create unique index` 来创建。



## PK和UK

PK默认约束名为primary

UK默认约束名和列名一致，也可以另行指定。

> ```
> mysql> create table k10 ( id int primary key , name varchar(10),tele char(11), unique key (tele));
> Query OK, 0 rows affected (0.41 sec)
> 
> mysql> desc k10;
> +-------+-------------+------+-----+---------+-------+
> | Field | Type        | Null | Key | Default | Extra |
> +-------+-------------+------+-----+---------+-------+
> | id    | int(11)     | NO   | PRI | NULL    |       |
> | name  | varchar(10) | YES  |     | NULL    |       |
> | tele  | char(11)    | YES  | UNI | NULL    |       |
> +-------+-------------+------+-----+---------+-------+
> 3 rows in set (0.00 sec)
> 
> mysql> select * from information_schema.table_constraints where table_name ='K10';
> +--------------------+-------------------+-----------------+--------------+------------+-----------------+
> | CONSTRAINT_CATALOG | CONSTRAINT_SCHEMA | CONSTRAINT_NAME | TABLE_SCHEMA | TABLE_NAME | CONSTRAINT_TYPE |
> +--------------------+-------------------+-----------------+--------------+------------+-----------------+
> | def                | kk                | PRIMARY         | kk           | k10        | PRIMARY KEY     |
> | def                | kk                | tele            | kk           | k10        | UNIQUE          |
> +--------------------+-------------------+-----------------+--------------+------------+-----------------+
> 2 rows in set (0.00 sec)
> 
> ```
>
> 

## FK



```
mysql> create table k11 ( id int primary key , uid int, foreign key (uid) references k11 (id));
Query OK, 0 rows affected (0.47 sec)

mysql> desc k11;
+-------+---------+------+-----+---------+-------+
| Field | Type    | Null | Key | Default | Extra |
+-------+---------+------+-----+---------+-------+
| id    | int(11) | NO   | PRI | NULL    |       |
| uid   | int(11) | YES  | MUL | NULL    |       |
+-------+---------+------+-----+---------+-------+
2 rows in set (0.00 sec)

mysql> select * from information_schema.table_constraints where table_name ='K11';
+--------------------+-------------------+-----------------+--------------+------------+-----------------+
| CONSTRAINT_CATALOG | CONSTRAINT_SCHEMA | CONSTRAINT_NAME | TABLE_SCHEMA | TABLE_NAME | CONSTRAINT_TYPE |
+--------------------+-------------------+-----------------+--------------+------------+-----------------+
| def                | kk                | PRIMARY         | kk           | k11        | PRIMARY KEY     |
| def                | kk                | k11_ibfk_1      | kk           | k11        | FOREIGN KEY     |
+--------------------+-------------------+-----------------+--------------+------------+-----------------+
2 rows in set (0.00 sec)

```

外键约束查询也可以查询视图information_schema.referential_constraints

```
mysql> select * from information_schema.referential_constraints\G
*************************** 1. row ***************************
       CONSTRAINT_CATALOG: def
        CONSTRAINT_SCHEMA: kk
          CONSTRAINT_NAME: k11_ibfk_1
UNIQUE_CONSTRAINT_CATALOG: def
 UNIQUE_CONSTRAINT_SCHEMA: kk
   UNIQUE_CONSTRAINT_NAME: PRIMARY
             MATCH_OPTION: NONE
              UPDATE_RULE: RESTRICT
              DELETE_RULE: RESTRICT
               TABLE_NAME: k11
    REFERENCED_TABLE_NAME: k11
1 row in set (0.00 sec)

```

外键有什么用？

——有效值必须在依赖列中存在。

```
mysql> select * from k11;
+----+------+
| id | uid  |
+----+------+
|  1 |    1 |
+----+------+
1 row in set (0.00 sec)

mysql> insert into k11 values(2,2);
Query OK, 1 row affected (0.09 sec)

mysql> insert into k11 values(3,4);
ERROR 1452 (23000): Cannot add or update a child row: a foreign key constraint fails (`kk`.`k11`, CONSTRAINT `k11_ibfk_1` FOREIGN KEY (`uid`) REFERENCES `k11` (`id`))
mysql> insert into k11 values(3,2);
Query OK, 1 row affected (0.06 sec)

mysql> select * from k11;
+----+------+
| id | uid  |
+----+------+
|  1 |    1 |
|  2 |    2 |
|  3 |    2 |
+----+------+
3 rows in set (0.00 sec)

```



# 约束和索引的区别

约束是逻辑概念，用来保证数据的完整性。

索引一个数据结构，既有逻辑概念，还代表物理存储的方式。



# 约束和SQL_MODE

- 禁用向NOT NULL字段插入null时自动转为0值、非法日期转为0

  sql_mode = 'STRICT_TRANS_TABLES'

更多SQL_MODE查官方手册，后续有遇到也会补充进来。



# 触发器和约束

触发器在DML命令之前或之后自动调用SQL或存储过程。MySQL5.1开始， 触发器开始稳定且功能提升。

但是不建议用。

具备Super权限的用户才可以创建触发器

语法

```
Create [ DEFINER = {user | current_user} ]
trigger <trigger_name>
Before | after  Insert/update/delete on <table_name> 
FOR each row trigger_stmt
```

一个表最多可创建6个触发器，即：DML三个动作的before和after各定义一个。

MySQL当前只支持for each row的触发方式，即行触发。

触发器一定程度上也可以实现约束作用。





# 外键约束

只有InnoDB支持外键。

外键定义如下：

```
[constraint [symbol]] foreign key
[index name] (<index_col_name> , ...)
references <table_name> (<index_col_name>,...)
[on delete reference_option]
[on update reference_option]
reference_option
RESTRICT | CASCADE | SET NULL | NO ACTION
```

被引用的表称为父表，引用的表称为子表。

外键定义时的on delete 和 on update表示在对父表进行delete、update操作时，对子表所做的操作。

可定义 的子表操作有：

- cascade
- set null
- no action
- restrict



cascade ： 表示当父表发生变化时，对应的子表中的数据也进行相同操作。

set null ： 表示当父表发生变化时，相应的子表中的数据被更新为NULL，但子表中对应列必须允许为null。

no action ： 表示当父表发生变化时，抛出错误，不允许操作发生。

restrict  ： 表示父表发生变化时，抛出错误，不允许操作发生。



如果定义外键时没有指定on delete或on update，则默认的外键设置就是restrict。

Oracle有一种成为deferred check 延时检查的外键约束，即检查在SQL语句运行完成后再进行。目前MySQL的外键约束都是即时检查 immediate check，因此从定义中可以发现 no action和restrict的功能是相同的。

在Oracle中，对于建立外键的列，一定要给这个列加上索引。而InnoDB在外键建立时就会自动对该列创建索引，因此可以很好的避免外键列上无索引而导致的死锁问题发生。